<?xml version="1.0" encoding="utf-8"?><testsuites><testsuite errors="0" failures="0" hostname="wight-laptop" name="pytest" skipped="0" tests="11" time="0.378" timestamp="2020-03-03T20:19:32.927399"><testcase classname="testing.test_errors" file="testing/test_errors.py" line="2" name="test_bad_request_400" time="0.030"><system-out>Outer List
&lt;class &apos;dict&apos;&gt;
</system-out></testcase><testcase classname="testing.test_errors" file="testing/test_errors.py" line="8" name="test_unknown_404" time="0.015"></testcase><testcase classname="testing.test_errors" file="testing/test_errors.py" line="18" name="test_wrong_method_405" time="0.008"></testcase><testcase classname="testing.test_errors" file="testing/test_errors.py" line="28" name="test_teapot_418" time="0.005"></testcase><testcase classname="testing.test_routes" file="testing/test_routes.py" line="2" name="test_home" time="0.011"></testcase><testcase classname="testing.test_routes" file="testing/test_routes.py" line="8" name="test_json_enpoint" time="0.015"><system-out>Inner type
Outer List
&lt;class &apos;dict&apos;&gt;
</system-out></testcase><testcase classname="testing.test_sudoku_check" file="testing/test_sudoku_check.py" line="46" name="test_check_shape_contents" time="0.004"></testcase><testcase classname="testing.test_sudoku_check" file="testing/test_sudoku_check.py" line="53" name="test_preprocess" time="0.001"></testcase><testcase classname="testing.test_sudoku_check" file="testing/test_sudoku_check.py" line="58" name="test_stack_squares" time="0.030"></testcase><testcase classname="testing.test_sudoku_check" file="testing/test_sudoku_check.py" line="64" name="test_check_segment" time="0.002"></testcase><testcase classname="testing.test_sudoku_check" file="testing/test_sudoku_check.py" line="68" name="test_sudoku_check" time="0.059"></testcase></testsuite></testsuites>